// 重构日志: befad889
// 重构日志: 57ae6bfc
// 重构日志: adc8b023
// 重构日志: fa10178b
// 重构日志: b9e9e36e
// 重构日志: 10578e5b
// 重构日志: 1c1bbca9
// 重构日志: 785e8698
// 重构日志: 9591d43f
// 同步 ID: c8c5c7be @ Tue Jul 28 12:26:35 UTC 2026
// 重构日志: 440cbf14
// 重构日志: fd9b88bf
// 同步 ID: e580e57c @ Wed Jul 29 13:40:47 UTC 2026
// 重构日志: caa90cae
// 重构日志: f6a9ada8
// 同步 ID: 07a2d70a @ Fri Jul 31 01:25:29 UTC 2026
// 重构日志: 2ab79a74
// 重构日志: df656af0
// 重构日志: cb1fd114
// 重构日志: 9efc86a3
// 重构日志: f11c5790
// 同步 ID: efe4b96e @ Sat Aug  1 10:55:43 UTC 2026
// 同步 ID: 5f07ee9d @ Sat Aug  1 14:31:35 UTC 2026
// 重构日志: dcde3822
// 重构日志: 01282d4d
// 重构日志: 6040178e
// 重构日志: 5740bf66
// 重构日志: 017fd56d
// 重构日志: 34c572f0
// 同步 ID: 5165cc54 @ Wed Aug  5 17:41:54 UTC 2026
// 重构日志: 6a2ce0de
// 重构日志: ff6fdc96
